Archive member included because of file (symbol)

d:/progrms/empedded/imt_sdk_win_64/winavr/bin/../lib/gcc/avr/4.3.3/avr5\libgcc.a(_exit.o)
                              d:/progrms/empedded/imt_sdk_win_64/winavr/bin/../lib/gcc/avr/4.3.3/../../../../avr/lib/avr5/crtm32.o (exit)
d:/progrms/empedded/imt_sdk_win_64/winavr/bin/../lib/gcc/avr/4.3.3/avr5\libgcc.a(_copy_data.o)
                              ./main.o (__do_copy_data)
d:/progrms/empedded/imt_sdk_win_64/winavr/bin/../lib/gcc/avr/4.3.3/avr5\libgcc.a(_clear_bss.o)
                              ./EXTI_program.o (__do_clear_bss)

Memory Configuration

Name             Origin             Length             Attributes
text             0x00000000         0x00020000         xr
data             0x00800060         0x0000ffa0         rw !x
eeprom           0x00810000         0x00010000         rw !x
fuse             0x00820000         0x00000400         rw !x
lock             0x00830000         0x00000400         rw !x
signature        0x00840000         0x00000400         rw !x
*default*        0x00000000         0xffffffff

Linker script and memory map

LOAD d:/progrms/empedded/imt_sdk_win_64/winavr/bin/../lib/gcc/avr/4.3.3/../../../../avr/lib/avr5/crtm32.o
LOAD ./DIO_program.o
LOAD ./EXTI_program.o
LOAD ./GIE_program.o
LOAD ./LED_program.o
LOAD ./TIMER_program.o
LOAD ./main.o
LOAD d:/progrms/empedded/imt_sdk_win_64/winavr/bin/../lib/gcc/avr/4.3.3/avr5\libgcc.a
LOAD d:/progrms/empedded/imt_sdk_win_64/winavr/bin/../lib/gcc/avr/4.3.3/../../../../avr/lib/avr5\libc.a
LOAD d:/progrms/empedded/imt_sdk_win_64/winavr/bin/../lib/gcc/avr/4.3.3/avr5\libgcc.a

.hash
 *(.hash)

.dynsym
 *(.dynsym)

.dynstr
 *(.dynstr)

.gnu.version
 *(.gnu.version)

.gnu.version_d
 *(.gnu.version_d)

.gnu.version_r
 *(.gnu.version_r)

.rel.init
 *(.rel.init)

.rela.init
 *(.rela.init)

.rel.text
 *(.rel.text)
 *(.rel.text.*)
 *(.rel.gnu.linkonce.t*)

.rela.text
 *(.rela.text)
 *(.rela.text.*)
 *(.rela.gnu.linkonce.t*)

.rel.fini
 *(.rel.fini)

.rela.fini
 *(.rela.fini)

.rel.rodata
 *(.rel.rodata)
 *(.rel.rodata.*)
 *(.rel.gnu.linkonce.r*)

.rela.rodata
 *(.rela.rodata)
 *(.rela.rodata.*)
 *(.rela.gnu.linkonce.r*)

.rel.data
 *(.rel.data)
 *(.rel.data.*)
 *(.rel.gnu.linkonce.d*)

.rela.data
 *(.rela.data)
 *(.rela.data.*)
 *(.rela.gnu.linkonce.d*)

.rel.ctors
 *(.rel.ctors)

.rela.ctors
 *(.rela.ctors)

.rel.dtors
 *(.rel.dtors)

.rela.dtors
 *(.rela.dtors)

.rel.got
 *(.rel.got)

.rela.got
 *(.rela.got)

.rel.bss
 *(.rel.bss)

.rela.bss
 *(.rela.bss)

.rel.plt
 *(.rel.plt)

.rela.plt
 *(.rela.plt)

.text           0x00000000     0x1cce
 *(.vectors)
 .vectors       0x00000000       0x54 d:/progrms/empedded/imt_sdk_win_64/winavr/bin/../lib/gcc/avr/4.3.3/../../../../avr/lib/avr5/crtm32.o
                0x00000000                __vectors
                0x00000000                __vector_default
 *(.vectors)
 *(.progmem.gcc*)
 *(.progmem*)
                0x00000054                . = ALIGN (0x2)
                0x00000054                __trampolines_start = .
 *(.trampolines)
 .trampolines   0x00000054        0x0 linker stubs
 *(.trampolines*)
                0x00000054                __trampolines_end = .
 *(.jumptables)
 *(.jumptables*)
 *(.lowtext)
 *(.lowtext*)
                0x00000054                __ctors_start = .
 *(.ctors)
                0x00000054                __ctors_end = .
                0x00000054                __dtors_start = .
 *(.dtors)
                0x00000054                __dtors_end = .
 SORT(*)(.ctors)
 SORT(*)(.dtors)
 *(.init0)
 .init0         0x00000054        0x0 d:/progrms/empedded/imt_sdk_win_64/winavr/bin/../lib/gcc/avr/4.3.3/../../../../avr/lib/avr5/crtm32.o
                0x00000054                __init
 *(.init0)
 *(.init1)
 *(.init1)
 *(.init2)
 .init2         0x00000054        0xc d:/progrms/empedded/imt_sdk_win_64/winavr/bin/../lib/gcc/avr/4.3.3/../../../../avr/lib/avr5/crtm32.o
 *(.init2)
 *(.init3)
 *(.init3)
 *(.init4)
 .init4         0x00000060       0x16 d:/progrms/empedded/imt_sdk_win_64/winavr/bin/../lib/gcc/avr/4.3.3/avr5\libgcc.a(_copy_data.o)
                0x00000060                __do_copy_data
 .init4         0x00000076       0x10 d:/progrms/empedded/imt_sdk_win_64/winavr/bin/../lib/gcc/avr/4.3.3/avr5\libgcc.a(_clear_bss.o)
                0x00000076                __do_clear_bss
 *(.init4)
 *(.init5)
 *(.init5)
 *(.init6)
 *(.init6)
 *(.init7)
 *(.init7)
 *(.init8)
 *(.init8)
 *(.init9)
 .init9         0x00000086        0x8 d:/progrms/empedded/imt_sdk_win_64/winavr/bin/../lib/gcc/avr/4.3.3/../../../../avr/lib/avr5/crtm32.o
 *(.init9)
 *(.text)
 .text          0x0000008e        0x4 d:/progrms/empedded/imt_sdk_win_64/winavr/bin/../lib/gcc/avr/4.3.3/../../../../avr/lib/avr5/crtm32.o
                0x0000008e                __vector_12
                0x0000008e                __bad_interrupt
                0x0000008e                __vector_13
                0x0000008e                __vector_17
                0x0000008e                __vector_19
                0x0000008e                __vector_15
                0x0000008e                __vector_14
                0x0000008e                __vector_16
                0x0000008e                __vector_18
                0x0000008e                __vector_20
 .text          0x00000092        0x0 ./DIO_program.o
 .text          0x00000092        0x0 ./EXTI_program.o
 .text          0x00000092        0x0 ./GIE_program.o
 .text          0x00000092        0x0 ./LED_program.o
 .text          0x00000092        0x0 ./TIMER_program.o
 .text          0x00000092        0x0 ./main.o
 .text          0x00000092        0x0 d:/progrms/empedded/imt_sdk_win_64/winavr/bin/../lib/gcc/avr/4.3.3/avr5\libgcc.a(_exit.o)
 .text          0x00000092        0x0 d:/progrms/empedded/imt_sdk_win_64/winavr/bin/../lib/gcc/avr/4.3.3/avr5\libgcc.a(_copy_data.o)
 .text          0x00000092        0x0 d:/progrms/empedded/imt_sdk_win_64/winavr/bin/../lib/gcc/avr/4.3.3/avr5\libgcc.a(_clear_bss.o)
                0x00000092                . = ALIGN (0x2)
 *(.text.*)
 .text.DIO_enumSetPinDirection
                0x00000092      0x21e ./DIO_program.o
                0x00000092                DIO_enumSetPinDirection
 .text.DIO_enumSetPinValue
                0x000002b0      0x21e ./DIO_program.o
                0x000002b0                DIO_enumSetPinValue
 .text.DIO_enumGetPinValue
                0x000004ce      0x18a ./DIO_program.o
                0x000004ce                DIO_enumGetPinValue
 .text.DIO_enumTogglePinValue
                0x00000658      0x110 ./DIO_program.o
                0x00000658                DIO_enumTogglePinValue
 .text.DIO_enumConnectPullup
                0x00000768      0x2b2 ./DIO_program.o
                0x00000768                DIO_enumConnectPullup
 .text.DIO_enumSetPortDirection
                0x00000a1a       0x9a ./DIO_program.o
                0x00000a1a                DIO_enumSetPortDirection
 .text.DIO_enumSetPortValue
                0x00000ab4       0x9a ./DIO_program.o
                0x00000ab4                DIO_enumSetPortValue
 .text.DIO_enumTogglePortValue
                0x00000b4e       0xaa ./DIO_program.o
                0x00000b4e                DIO_enumTogglePortValue
 .text.DIO_enumGetPortValue
                0x00000bf8       0xae ./DIO_program.o
                0x00000bf8                DIO_enumGetPortValue
 .text.DIO_voidWriteHighNibbles
                0x00000ca6       0xf8 ./DIO_program.o
                0x00000ca6                DIO_voidWriteHighNibbles
 .text.DIO_voidWriteLowNibbles
                0x00000d9e       0xf6 ./DIO_program.o
                0x00000d9e                DIO_voidWriteLowNibbles
 .text.EXTI_voidInit
                0x00000e94       0x2a ./EXTI_program.o
                0x00000e94                EXTI_voidInit
 .text.EXTI_voidSetSignalLatch
                0x00000ebe      0x210 ./EXTI_program.o
                0x00000ebe                EXTI_voidSetSignalLatch
 .text.EXTI_voidDisableInterrupt
                0x000010ce       0x54 ./EXTI_program.o
                0x000010ce                EXTI_voidDisableInterrupt
 .text.EXTI_voidEnableInterrupt
                0x00001122       0x52 ./EXTI_program.o
                0x00001122                EXTI_voidEnableInterrupt
 .text.EXTI_voidClearFlag
                0x00001174       0x3a ./EXTI_program.o
                0x00001174                EXTI_voidClearFlag
 .text.EXTI_u8GetFlag
                0x000011ae       0x4c ./EXTI_program.o
                0x000011ae                EXTI_u8GetFlag
 .text.EXTI_voidSetCallBack
                0x000011fa       0x3e ./EXTI_program.o
                0x000011fa                EXTI_voidSetCallBack
 .text.__vector_1
                0x00001238       0x6c ./EXTI_program.o
                0x00001238                __vector_1
 .text.__vector_2
                0x000012a4       0x6c ./EXTI_program.o
                0x000012a4                __vector_2
 .text.__vector_3
                0x00001310       0x6c ./EXTI_program.o
                0x00001310                __vector_3
 .text.GIE_VoidEnable
                0x0000137c       0x1c ./GIE_program.o
                0x0000137c                GIE_VoidEnable
 .text.GIE_VoidDisable
                0x00001398       0x1c ./GIE_program.o
                0x00001398                GIE_VoidDisable
 .text.LED_voidInit
                0x000013b4       0x2a ./LED_program.o
                0x000013b4                LED_voidInit
 .text.LED_voidOn
                0x000013de       0x44 ./LED_program.o
                0x000013de                LED_voidOn
 .text.LED_voidOff
                0x00001422       0x44 ./LED_program.o
                0x00001422                LED_voidOff
 .text.LED_voidToggle
                0x00001466       0x28 ./LED_program.o
                0x00001466                LED_voidToggle
 .text.TIMER0_voidInit
                0x0000148e       0x5c ./TIMER_program.o
                0x0000148e                TIMER0_voidInit
 .text.TIMER1_voidInit
                0x000014ea      0x100 ./TIMER_program.o
                0x000014ea                TIMER1_voidInit
 .text.TIMER2_voidInit
                0x000015ea       0x5c ./TIMER_program.o
                0x000015ea                TIMER2_voidInit
 .text.TIMER0_voidSetPreload
                0x00001646       0x1c ./TIMER_program.o
                0x00001646                TIMER0_voidSetPreload
 .text.TIMER1_voidSetPreload
                0x00001662       0x24 ./TIMER_program.o
                0x00001662                TIMER1_voidSetPreload
 .text.TIMER2_voidSetPreload
                0x00001686       0x1c ./TIMER_program.o
                0x00001686                TIMER2_voidSetPreload
 .text.TIMER0_voidSetCTC
                0x000016a2       0x1c ./TIMER_program.o
                0x000016a2                TIMER0_voidSetCTC
 .text.TIMER1_voidSetCTCA
                0x000016be       0x24 ./TIMER_program.o
                0x000016be                TIMER1_voidSetCTCA
 .text.TIMER1_voidSetCTCB
                0x000016e2       0x24 ./TIMER_program.o
                0x000016e2                TIMER1_voidSetCTCB
 .text.TIMER2_voidSetCTC
                0x00001706       0x1c ./TIMER_program.o
                0x00001706                TIMER2_voidSetCTC
 .text.TIMER1_voidSetICR1
                0x00001722       0x24 ./TIMER_program.o
                0x00001722                TIMER1_voidSetICR1
 .text.TIMER0_u8GetTimerCounterValue
                0x00001746       0x14 ./TIMER_program.o
                0x00001746                TIMER0_u8GetTimerCounterValue
 .text.TIMER1_u16GetTimerCounterValue
                0x0000175a       0x16 ./TIMER_program.o
                0x0000175a                TIMER1_u16GetTimerCounterValue
 .text.TIMER2_u8GetTimerCounterValue
                0x00001770       0x14 ./TIMER_program.o
                0x00001770                TIMER2_u8GetTimerCounterValue
 .text.TIMER_voidSetPWM
                0x00001784       0x24 ./TIMER_program.o
                0x00001784                TIMER_voidSetPWM
 .text.TIMER_voidICUInitEnable
                0x000017a8       0x2a ./TIMER_program.o
                0x000017a8                TIMER_voidICUInitEnable
 .text.TIMER_voidICUSetTriggerEdge
                0x000017d2       0x4a ./TIMER_program.o
                0x000017d2                TIMER_voidICUSetTriggerEdge
 .text.TIMER_voidICUEnableInterrupt
                0x0000181c       0x1c ./TIMER_program.o
                0x0000181c                TIMER_voidICUEnableInterrupt
 .text.TIMER_voidICUDisableInterrupt
                0x00001838       0x1c ./TIMER_program.o
                0x00001838                TIMER_voidICUDisableInterrupt
 .text.TIMER_u16GetICR
                0x00001854       0x16 ./TIMER_program.o
                0x00001854                TIMER_u16GetICR
 .text.TIMER_voidWDTSleep
                0x0000186a       0x2a ./TIMER_program.o
                0x0000186a                TIMER_voidWDTSleep
 .text.TIMER_voidWDTEnable
                0x00001894       0x1c ./TIMER_program.o
                0x00001894                TIMER_voidWDTEnable
 .text.TIMER_voidWDTDisable
                0x000018b0       0x22 ./TIMER_program.o
                0x000018b0                TIMER_voidWDTDisable
 .text.TIMER_u8SetCallBack
                0x000018d2       0x4a ./TIMER_program.o
                0x000018d2                TIMER_u8SetCallBack
 .text.__vector_11
                0x0000191c       0x66 ./TIMER_program.o
                0x0000191c                __vector_11
 .text.__vector_10
                0x00001982       0x66 ./TIMER_program.o
                0x00001982                __vector_10
 .text.__vector_9
                0x000019e8       0x66 ./TIMER_program.o
                0x000019e8                __vector_9
 .text.__vector_8
                0x00001a4e       0x66 ./TIMER_program.o
                0x00001a4e                __vector_8
 .text.__vector_7
                0x00001ab4       0x66 ./TIMER_program.o
                0x00001ab4                __vector_7
 .text.__vector_6
                0x00001b1a       0x66 ./TIMER_program.o
                0x00001b1a                __vector_6
 .text.__vector_5
                0x00001b80       0x66 ./TIMER_program.o
                0x00001b80                __vector_5
 .text.__vector_4
                0x00001be6       0x66 ./TIMER_program.o
                0x00001be6                __vector_4
 .text.main     0x00001c4c       0x42 ./main.o
                0x00001c4c                main
 .text.LED1_ON  0x00001c8e       0x1e ./main.o
                0x00001c8e                LED1_ON
 .text.LED2_ON  0x00001cac       0x1e ./main.o
                0x00001cac                LED2_ON
 .text.libgcc   0x00001cca        0x0 d:/progrms/empedded/imt_sdk_win_64/winavr/bin/../lib/gcc/avr/4.3.3/avr5\libgcc.a(_exit.o)
 .text.libgcc   0x00001cca        0x0 d:/progrms/empedded/imt_sdk_win_64/winavr/bin/../lib/gcc/avr/4.3.3/avr5\libgcc.a(_copy_data.o)
 .text.libgcc   0x00001cca        0x0 d:/progrms/empedded/imt_sdk_win_64/winavr/bin/../lib/gcc/avr/4.3.3/avr5\libgcc.a(_clear_bss.o)
                0x00001cca                . = ALIGN (0x2)
 *(.fini9)
 .fini9         0x00001cca        0x0 d:/progrms/empedded/imt_sdk_win_64/winavr/bin/../lib/gcc/avr/4.3.3/avr5\libgcc.a(_exit.o)
                0x00001cca                exit
                0x00001cca                _exit
 *(.fini9)
 *(.fini8)
 *(.fini8)
 *(.fini7)
 *(.fini7)
 *(.fini6)
 *(.fini6)
 *(.fini5)
 *(.fini5)
 *(.fini4)
 *(.fini4)
 *(.fini3)
 *(.fini3)
 *(.fini2)
 *(.fini2)
 *(.fini1)
 *(.fini1)
 *(.fini0)
 .fini0         0x00001cca        0x4 d:/progrms/empedded/imt_sdk_win_64/winavr/bin/../lib/gcc/avr/4.3.3/avr5\libgcc.a(_exit.o)
 *(.fini0)
                0x00001cce                _etext = .

.data           0x00800060        0x6 load address 0x00001cce
                0x00800060                PROVIDE (__data_start, .)
 *(.data)
 .data          0x00800060        0x0 d:/progrms/empedded/imt_sdk_win_64/winavr/bin/../lib/gcc/avr/4.3.3/../../../../avr/lib/avr5/crtm32.o
 .data          0x00800060        0x0 ./DIO_program.o
 .data          0x00800060        0x0 ./EXTI_program.o
 .data          0x00800060        0x0 ./GIE_program.o
 .data          0x00800060        0x0 ./LED_program.o
 .data          0x00800060        0x0 ./TIMER_program.o
 .data          0x00800060        0x0 ./main.o
 .data          0x00800060        0x0 d:/progrms/empedded/imt_sdk_win_64/winavr/bin/../lib/gcc/avr/4.3.3/avr5\libgcc.a(_exit.o)
 .data          0x00800060        0x0 d:/progrms/empedded/imt_sdk_win_64/winavr/bin/../lib/gcc/avr/4.3.3/avr5\libgcc.a(_copy_data.o)
 .data          0x00800060        0x0 d:/progrms/empedded/imt_sdk_win_64/winavr/bin/../lib/gcc/avr/4.3.3/avr5\libgcc.a(_clear_bss.o)
 *(.data*)
 .data.LED1     0x00800060        0x3 ./main.o
                0x00800060                LED1
 .data.LED2     0x00800063        0x3 ./main.o
                0x00800063                LED2
 *(.rodata)
 *(.rodata*)
 *(.gnu.linkonce.d*)
                0x00800066                . = ALIGN (0x2)
                0x00800066                _edata = .
                0x00800066                PROVIDE (__data_end, .)

.bss            0x00800066       0x26
                0x00800066                PROVIDE (__bss_start, .)
 *(.bss)
 .bss           0x00800066        0x0 d:/progrms/empedded/imt_sdk_win_64/winavr/bin/../lib/gcc/avr/4.3.3/../../../../avr/lib/avr5/crtm32.o
 .bss           0x00800066        0x0 ./DIO_program.o
 .bss           0x00800066        0x0 ./EXTI_program.o
 .bss           0x00800066        0x0 ./GIE_program.o
 .bss           0x00800066        0x0 ./LED_program.o
 .bss           0x00800066        0x0 ./TIMER_program.o
 .bss           0x00800066        0x0 ./main.o
 .bss           0x00800066        0x0 d:/progrms/empedded/imt_sdk_win_64/winavr/bin/../lib/gcc/avr/4.3.3/avr5\libgcc.a(_exit.o)
 .bss           0x00800066        0x0 d:/progrms/empedded/imt_sdk_win_64/winavr/bin/../lib/gcc/avr/4.3.3/avr5\libgcc.a(_copy_data.o)
 .bss           0x00800066        0x0 d:/progrms/empedded/imt_sdk_win_64/winavr/bin/../lib/gcc/avr/4.3.3/avr5\libgcc.a(_clear_bss.o)
 *(.bss*)
 .bss.EXTI_CallBack
                0x00800066        0x6 ./EXTI_program.o
                0x00800066                EXTI_CallBack
 .bss.TIMERS_pvCallBackFunc
                0x0080006c       0x20 ./TIMER_program.o
 *(COMMON)
                0x0080008c                PROVIDE (__bss_end, .)
                0x00001cce                __data_load_start = LOADADDR (.data)
                0x00001cd4                __data_load_end = (__data_load_start + SIZEOF (.data))

.noinit         0x0080008c        0x0
                0x0080008c                PROVIDE (__noinit_start, .)
 *(.noinit*)
                0x0080008c                PROVIDE (__noinit_end, .)
                0x0080008c                _end = .
                0x0080008c                PROVIDE (__heap_start, .)

.eeprom         0x00810000        0x0
 *(.eeprom*)
                0x00810000                __eeprom_end = .

.fuse
 *(.fuse)
 *(.lfuse)
 *(.hfuse)
 *(.efuse)

.lock
 *(.lock*)

.signature
 *(.signature*)

.stab           0x00000000     0x20b8
 *(.stab)
 .stab          0x00000000      0xcc0 ./DIO_program.o
 .stab          0x00000cc0      0x498 ./EXTI_program.o
                                0x540 (size before relaxing)
 .stab          0x00001158      0x144 ./GIE_program.o
                                0x1ec (size before relaxing)
 .stab          0x0000129c      0x24c ./LED_program.o
                                0x318 (size before relaxing)
 .stab          0x000014e8      0xa08 ./TIMER_program.o
                                0xab0 (size before relaxing)
 .stab          0x00001ef0      0x1c8 ./main.o
                                0x2ac (size before relaxing)

.stabstr        0x00000000      0xd61
 *(.stabstr)
 .stabstr       0x00000000      0xd61 ./DIO_program.o

.stab.excl
 *(.stab.excl)

.stab.exclstr
 *(.stab.exclstr)

.stab.index
 *(.stab.index)

.stab.indexstr
 *(.stab.indexstr)

.comment
 *(.comment)

.debug
 *(.debug)

.line
 *(.line)

.debug_srcinfo
 *(.debug_srcinfo)

.debug_sfnames
 *(.debug_sfnames)

.debug_aranges
 *(.debug_aranges)

.debug_pubnames
 *(.debug_pubnames)

.debug_info
 *(.debug_info)
 *(.gnu.linkonce.wi.*)

.debug_abbrev
 *(.debug_abbrev)

.debug_line
 *(.debug_line)

.debug_frame
 *(.debug_frame)

.debug_str
 *(.debug_str)

.debug_loc
 *(.debug_loc)

.debug_macinfo
 *(.debug_macinfo)
OUTPUT(EXTI_TWO_LEDS.elf elf32-avr)
LOAD linker stubs
