Archive member included because of file (symbol)

d:/progrms/empedded/imt_sdk_win_64/winavr/bin/../lib/gcc/avr/4.3.3/avr5\libgcc.a(_udivmodhi4.o)
                              ./APP/APP_program.o (__udivmodhi4)
d:/progrms/empedded/imt_sdk_win_64/winavr/bin/../lib/gcc/avr/4.3.3/avr5\libgcc.a(_exit.o)
                              d:/progrms/empedded/imt_sdk_win_64/winavr/bin/../lib/gcc/avr/4.3.3/../../../../avr/lib/avr5/crtm32.o (exit)
d:/progrms/empedded/imt_sdk_win_64/winavr/bin/../lib/gcc/avr/4.3.3/avr5\libgcc.a(_copy_data.o)
                              ./HAL/SSD/SSD_program.o (__do_copy_data)
d:/progrms/empedded/imt_sdk_win_64/winavr/bin/../lib/gcc/avr/4.3.3/avr5\libgcc.a(_clear_bss.o)
                              ./MCAL/TIMER0/TIMER_program.o (__do_clear_bss)
d:/progrms/empedded/imt_sdk_win_64/winavr/bin/../lib/gcc/avr/4.3.3/avr5\libgcc.a(_ashldi3.o)
                              ./HAL/CLCD/CLCD_program.o (__ashldi3)
d:/progrms/empedded/imt_sdk_win_64/winavr/bin/../lib/gcc/avr/4.3.3/avr5\libgcc.a(_udivdi3.o)
                              ./HAL/CLCD/CLCD_program.o (__udivdi3)
d:/progrms/empedded/imt_sdk_win_64/winavr/bin/../lib/gcc/avr/4.3.3/avr5\libgcc.a(_umoddi3.o)
                              ./HAL/CLCD/CLCD_program.o (__umoddi3)
d:/progrms/empedded/imt_sdk_win_64/winavr/bin/../lib/gcc/avr/4.3.3/avr5\libgcc.a(_mulsi3.o)
                              d:/progrms/empedded/imt_sdk_win_64/winavr/bin/../lib/gcc/avr/4.3.3/avr5\libgcc.a(_udivdi3.o) (__mulsi3)
d:/progrms/empedded/imt_sdk_win_64/winavr/bin/../lib/gcc/avr/4.3.3/avr5\libgcc.a(_udivmodsi4.o)
                              d:/progrms/empedded/imt_sdk_win_64/winavr/bin/../lib/gcc/avr/4.3.3/avr5\libgcc.a(_udivdi3.o) (__udivmodsi4)
d:/progrms/empedded/imt_sdk_win_64/winavr/bin/../lib/gcc/avr/4.3.3/avr5\libgcc.a(_prologue.o)
                              d:/progrms/empedded/imt_sdk_win_64/winavr/bin/../lib/gcc/avr/4.3.3/avr5\libgcc.a(_udivdi3.o) (__prologue_saves__)
d:/progrms/empedded/imt_sdk_win_64/winavr/bin/../lib/gcc/avr/4.3.3/avr5\libgcc.a(_epilogue.o)
                              d:/progrms/empedded/imt_sdk_win_64/winavr/bin/../lib/gcc/avr/4.3.3/avr5\libgcc.a(_udivdi3.o) (__epilogue_restores__)
d:/progrms/empedded/imt_sdk_win_64/winavr/bin/../lib/gcc/avr/4.3.3/avr5\libgcc.a(_clz.o)
                              d:/progrms/empedded/imt_sdk_win_64/winavr/bin/../lib/gcc/avr/4.3.3/avr5\libgcc.a(_udivdi3.o) (__clz_tab)

Memory Configuration

Name             Origin             Length             Attributes
text             0x00000000         0x00020000         xr
data             0x00800060         0x0000ffa0         rw !x
eeprom           0x00810000         0x00010000         rw !x
fuse             0x00820000         0x00000400         rw !x
lock             0x00830000         0x00000400         rw !x
signature        0x00840000         0x00000400         rw !x
*default*        0x00000000         0xffffffff

Linker script and memory map

LOAD d:/progrms/empedded/imt_sdk_win_64/winavr/bin/../lib/gcc/avr/4.3.3/../../../../avr/lib/avr5/crtm32.o
LOAD ./MCAL/TIMER0/TIMER_program.o
LOAD ./MCAL/PORT/PORT_program.o
LOAD ./MCAL/GIE/GIE_program.o
LOAD ./MCAL/EXTI/EXTI_program.o
LOAD ./MCAL/DIO/DIO_program.o
LOAD ./HAL/SWITCH/SW_program.o
LOAD ./HAL/SSD/SSD_program.o
LOAD ./HAL/LED/LED_program.o
LOAD ./HAL/CLCD/CLCD_program.o
LOAD ./APP/APP_program.o
LOAD ./main.o
LOAD d:/progrms/empedded/imt_sdk_win_64/winavr/bin/../lib/gcc/avr/4.3.3/avr5\libgcc.a
LOAD d:/progrms/empedded/imt_sdk_win_64/winavr/bin/../lib/gcc/avr/4.3.3/../../../../avr/lib/avr5\libc.a
LOAD d:/progrms/empedded/imt_sdk_win_64/winavr/bin/../lib/gcc/avr/4.3.3/avr5\libgcc.a

.hash
 *(.hash)

.dynsym
 *(.dynsym)

.dynstr
 *(.dynstr)

.gnu.version
 *(.gnu.version)

.gnu.version_d
 *(.gnu.version_d)

.gnu.version_r
 *(.gnu.version_r)

.rel.init
 *(.rel.init)

.rela.init
 *(.rela.init)

.rel.text
 *(.rel.text)
 *(.rel.text.*)
 *(.rel.gnu.linkonce.t*)

.rela.text
 *(.rela.text)
 *(.rela.text.*)
 *(.rela.gnu.linkonce.t*)

.rel.fini
 *(.rel.fini)

.rela.fini
 *(.rela.fini)

.rel.rodata
 *(.rel.rodata)
 *(.rel.rodata.*)
 *(.rel.gnu.linkonce.r*)

.rela.rodata
 *(.rela.rodata)
 *(.rela.rodata.*)
 *(.rela.gnu.linkonce.r*)

.rel.data
 *(.rel.data)
 *(.rel.data.*)
 *(.rel.gnu.linkonce.d*)

.rela.data
 *(.rela.data)
 *(.rela.data.*)
 *(.rela.gnu.linkonce.d*)

.rel.ctors
 *(.rel.ctors)

.rela.ctors
 *(.rela.ctors)

.rel.dtors
 *(.rel.dtors)

.rela.dtors
 *(.rela.dtors)

.rel.got
 *(.rel.got)

.rela.got
 *(.rela.got)

.rel.bss
 *(.rel.bss)

.rela.bss
 *(.rela.bss)

.rel.plt
 *(.rel.plt)

.rela.plt
 *(.rela.plt)

.text           0x00000000     0x3e4e
 *(.vectors)
 .vectors       0x00000000       0x54 d:/progrms/empedded/imt_sdk_win_64/winavr/bin/../lib/gcc/avr/4.3.3/../../../../avr/lib/avr5/crtm32.o
                0x00000000                __vectors
                0x00000000                __vector_default
 *(.vectors)
 *(.progmem.gcc*)
 *(.progmem*)
                0x00000054                . = ALIGN (0x2)
                0x00000054                __trampolines_start = .
 *(.trampolines)
 .trampolines   0x00000054        0x0 linker stubs
 *(.trampolines*)
                0x00000054                __trampolines_end = .
 *(.jumptables)
 *(.jumptables*)
 *(.lowtext)
 *(.lowtext*)
                0x00000054                __ctors_start = .
 *(.ctors)
                0x00000054                __ctors_end = .
                0x00000054                __dtors_start = .
 *(.dtors)
                0x00000054                __dtors_end = .
 SORT(*)(.ctors)
 SORT(*)(.dtors)
 *(.init0)
 .init0         0x00000054        0x0 d:/progrms/empedded/imt_sdk_win_64/winavr/bin/../lib/gcc/avr/4.3.3/../../../../avr/lib/avr5/crtm32.o
                0x00000054                __init
 *(.init0)
 *(.init1)
 *(.init1)
 *(.init2)
 .init2         0x00000054        0xc d:/progrms/empedded/imt_sdk_win_64/winavr/bin/../lib/gcc/avr/4.3.3/../../../../avr/lib/avr5/crtm32.o
 *(.init2)
 *(.init3)
 *(.init3)
 *(.init4)
 .init4         0x00000060       0x16 d:/progrms/empedded/imt_sdk_win_64/winavr/bin/../lib/gcc/avr/4.3.3/avr5\libgcc.a(_copy_data.o)
                0x00000060                __do_copy_data
 .init4         0x00000076       0x10 d:/progrms/empedded/imt_sdk_win_64/winavr/bin/../lib/gcc/avr/4.3.3/avr5\libgcc.a(_clear_bss.o)
                0x00000076                __do_clear_bss
 *(.init4)
 *(.init5)
 *(.init5)
 *(.init6)
 *(.init6)
 *(.init7)
 *(.init7)
 *(.init8)
 *(.init8)
 *(.init9)
 .init9         0x00000086        0x8 d:/progrms/empedded/imt_sdk_win_64/winavr/bin/../lib/gcc/avr/4.3.3/../../../../avr/lib/avr5/crtm32.o
 *(.init9)
 *(.text)
 .text          0x0000008e        0x4 d:/progrms/empedded/imt_sdk_win_64/winavr/bin/../lib/gcc/avr/4.3.3/../../../../avr/lib/avr5/crtm32.o
                0x0000008e                __vector_12
                0x0000008e                __bad_interrupt
                0x0000008e                __vector_13
                0x0000008e                __vector_17
                0x0000008e                __vector_19
                0x0000008e                __vector_15
                0x0000008e                __vector_14
                0x0000008e                __vector_16
                0x0000008e                __vector_18
                0x0000008e                __vector_20
 .text          0x00000092        0x0 ./MCAL/TIMER0/TIMER_program.o
 .text          0x00000092        0x0 ./MCAL/PORT/PORT_program.o
 .text          0x00000092        0x0 ./MCAL/GIE/GIE_program.o
 .text          0x00000092        0x0 ./MCAL/EXTI/EXTI_program.o
 .text          0x00000092        0x0 ./MCAL/DIO/DIO_program.o
 .text          0x00000092        0x0 ./HAL/SWITCH/SW_program.o
 .text          0x00000092        0x0 ./HAL/SSD/SSD_program.o
 .text          0x00000092        0x0 ./HAL/LED/LED_program.o
 .text          0x00000092        0x0 ./HAL/CLCD/CLCD_program.o
 .text          0x00000092        0x0 ./APP/APP_program.o
 .text          0x00000092        0x0 ./main.o
 .text          0x00000092        0x0 d:/progrms/empedded/imt_sdk_win_64/winavr/bin/../lib/gcc/avr/4.3.3/avr5\libgcc.a(_udivmodhi4.o)
 .text          0x00000092        0x0 d:/progrms/empedded/imt_sdk_win_64/winavr/bin/../lib/gcc/avr/4.3.3/avr5\libgcc.a(_exit.o)
 .text          0x00000092        0x0 d:/progrms/empedded/imt_sdk_win_64/winavr/bin/../lib/gcc/avr/4.3.3/avr5\libgcc.a(_copy_data.o)
 .text          0x00000092        0x0 d:/progrms/empedded/imt_sdk_win_64/winavr/bin/../lib/gcc/avr/4.3.3/avr5\libgcc.a(_clear_bss.o)
 .text          0x00000092       0xfe d:/progrms/empedded/imt_sdk_win_64/winavr/bin/../lib/gcc/avr/4.3.3/avr5\libgcc.a(_ashldi3.o)
                0x00000092                __ashldi3
 .text          0x00000190      0xcea d:/progrms/empedded/imt_sdk_win_64/winavr/bin/../lib/gcc/avr/4.3.3/avr5\libgcc.a(_udivdi3.o)
                0x00000190                __udivdi3
 .text          0x00000e7a      0xce0 d:/progrms/empedded/imt_sdk_win_64/winavr/bin/../lib/gcc/avr/4.3.3/avr5\libgcc.a(_umoddi3.o)
                0x00000e7a                __umoddi3
 .text          0x00001b5a        0x0 d:/progrms/empedded/imt_sdk_win_64/winavr/bin/../lib/gcc/avr/4.3.3/avr5\libgcc.a(_mulsi3.o)
 .text          0x00001b5a        0x0 d:/progrms/empedded/imt_sdk_win_64/winavr/bin/../lib/gcc/avr/4.3.3/avr5\libgcc.a(_udivmodsi4.o)
 .text          0x00001b5a        0x0 d:/progrms/empedded/imt_sdk_win_64/winavr/bin/../lib/gcc/avr/4.3.3/avr5\libgcc.a(_prologue.o)
 .text          0x00001b5a        0x0 d:/progrms/empedded/imt_sdk_win_64/winavr/bin/../lib/gcc/avr/4.3.3/avr5\libgcc.a(_epilogue.o)
 .text          0x00001b5a        0x0 d:/progrms/empedded/imt_sdk_win_64/winavr/bin/../lib/gcc/avr/4.3.3/avr5\libgcc.a(_clz.o)
                0x00001b5a                . = ALIGN (0x2)
 *(.text.*)
 .text.TIMER0_voidInit
                0x00001b5a       0x24 ./MCAL/TIMER0/TIMER_program.o
                0x00001b5a                TIMER0_voidInit
 .text.TIMER1_voidInit
                0x00001b7e       0x70 ./MCAL/TIMER0/TIMER_program.o
                0x00001b7e                TIMER1_voidInit
 .text.TIMER2_voidInit
                0x00001bee       0x24 ./MCAL/TIMER0/TIMER_program.o
                0x00001bee                TIMER2_voidInit
 .text.TIMER0_voidSetPreload
                0x00001c12        0x4 ./MCAL/TIMER0/TIMER_program.o
                0x00001c12                TIMER0_voidSetPreload
 .text.TIMER1_voidSetPreload
                0x00001c16        0x6 ./MCAL/TIMER0/TIMER_program.o
                0x00001c16                TIMER1_voidSetPreload
 .text.TIMER2_voidSetPreload
                0x00001c1c        0x4 ./MCAL/TIMER0/TIMER_program.o
                0x00001c1c                TIMER2_voidSetPreload
 .text.TIMER0_voidSetCTC
                0x00001c20        0x4 ./MCAL/TIMER0/TIMER_program.o
                0x00001c20                TIMER0_voidSetCTC
 .text.TIMER1_voidSetCTCA
                0x00001c24        0x6 ./MCAL/TIMER0/TIMER_program.o
                0x00001c24                TIMER1_voidSetCTCA
 .text.TIMER1_voidSetCTCB
                0x00001c2a        0x6 ./MCAL/TIMER0/TIMER_program.o
                0x00001c2a                TIMER1_voidSetCTCB
 .text.TIMER2_voidSetCTC
                0x00001c30        0x4 ./MCAL/TIMER0/TIMER_program.o
                0x00001c30                TIMER2_voidSetCTC
 .text.TIMER1_voidSetICR1
                0x00001c34        0x6 ./MCAL/TIMER0/TIMER_program.o
                0x00001c34                TIMER1_voidSetICR1
 .text.TIMER0_u8GetTimerCounterValue
                0x00001c3a        0x4 ./MCAL/TIMER0/TIMER_program.o
                0x00001c3a                TIMER0_u8GetTimerCounterValue
 .text.TIMER1_u16GetTimerCounterValue
                0x00001c3e        0x8 ./MCAL/TIMER0/TIMER_program.o
                0x00001c3e                TIMER1_u16GetTimerCounterValue
 .text.TIMER2_u8GetTimerCounterValue
                0x00001c46        0x4 ./MCAL/TIMER0/TIMER_program.o
                0x00001c46                TIMER2_u8GetTimerCounterValue
 .text.TIMER_voidSetPWM
                0x00001c4a        0x6 ./MCAL/TIMER0/TIMER_program.o
                0x00001c4a                TIMER_voidSetPWM
 .text.TIMER_voidICUInitEnable
                0x00001c50        0xe ./MCAL/TIMER0/TIMER_program.o
                0x00001c50                TIMER_voidICUInitEnable
 .text.TIMER_voidICUSetTriggerEdge
                0x00001c5e       0x20 ./MCAL/TIMER0/TIMER_program.o
                0x00001c5e                TIMER_voidICUSetTriggerEdge
 .text.TIMER_voidICUEnableInterrupt
                0x00001c7e        0x8 ./MCAL/TIMER0/TIMER_program.o
                0x00001c7e                TIMER_voidICUEnableInterrupt
 .text.TIMER_voidICUDisableInterrupt
                0x00001c86        0x8 ./MCAL/TIMER0/TIMER_program.o
                0x00001c86                TIMER_voidICUDisableInterrupt
 .text.TIMER_u16GetICR
                0x00001c8e        0x8 ./MCAL/TIMER0/TIMER_program.o
                0x00001c8e                TIMER_u16GetICR
 .text.TIMER_voidWDTSleep
                0x00001c96        0xe ./MCAL/TIMER0/TIMER_program.o
                0x00001c96                TIMER_voidWDTSleep
 .text.TIMER_voidWDTEnable
                0x00001ca4        0x8 ./MCAL/TIMER0/TIMER_program.o
                0x00001ca4                TIMER_voidWDTEnable
 .text.TIMER_voidWDTDisable
                0x00001cac        0xa ./MCAL/TIMER0/TIMER_program.o
                0x00001cac                TIMER_voidWDTDisable
 .text.TIMER_u8SetCallBack
                0x00001cb6       0x1c ./MCAL/TIMER0/TIMER_program.o
                0x00001cb6                TIMER_u8SetCallBack
 .text.__vector_11
                0x00001cd2       0x52 ./MCAL/TIMER0/TIMER_program.o
                0x00001cd2                __vector_11
 .text.__vector_10
                0x00001d24       0x52 ./MCAL/TIMER0/TIMER_program.o
                0x00001d24                __vector_10
 .text.__vector_9
                0x00001d76       0x52 ./MCAL/TIMER0/TIMER_program.o
                0x00001d76                __vector_9
 .text.__vector_8
                0x00001dc8       0x52 ./MCAL/TIMER0/TIMER_program.o
                0x00001dc8                __vector_8
 .text.__vector_7
                0x00001e1a       0x52 ./MCAL/TIMER0/TIMER_program.o
                0x00001e1a                __vector_7
 .text.__vector_6
                0x00001e6c       0x52 ./MCAL/TIMER0/TIMER_program.o
                0x00001e6c                __vector_6
 .text.__vector_5
                0x00001ebe       0x52 ./MCAL/TIMER0/TIMER_program.o
                0x00001ebe                __vector_5
 .text.__vector_4
                0x00001f10       0x52 ./MCAL/TIMER0/TIMER_program.o
                0x00001f10                __vector_4
 .text.PORT_voidInit
                0x00001f62       0x18 ./MCAL/PORT/PORT_program.o
                0x00001f62                PORT_voidInit
 .text.GIE_VoidEnable
                0x00001f7a        0x8 ./MCAL/GIE/GIE_program.o
                0x00001f7a                GIE_VoidEnable
 .text.GIE_VoidDisable
                0x00001f82        0x8 ./MCAL/GIE/GIE_program.o
                0x00001f82                GIE_VoidDisable
 .text.EXTI_voidInit
                0x00001f8a        0xe ./MCAL/EXTI/EXTI_program.o
                0x00001f8a                EXTI_voidInit
 .text.EXTI_voidSetSignalLatch
                0x00001f98       0xf2 ./MCAL/EXTI/EXTI_program.o
                0x00001f98                EXTI_voidSetSignalLatch
 .text.EXTI_voidDisableInterrupt
                0x0000208a       0x26 ./MCAL/EXTI/EXTI_program.o
                0x0000208a                EXTI_voidDisableInterrupt
 .text.EXTI_voidEnableInterrupt
                0x000020b0       0x24 ./MCAL/EXTI/EXTI_program.o
                0x000020b0                EXTI_voidEnableInterrupt
 .text.EXTI_voidClearFlag
                0x000020d4       0x16 ./MCAL/EXTI/EXTI_program.o
                0x000020d4                EXTI_voidClearFlag
 .text.EXTI_u8GetFlag
                0x000020ea       0x26 ./MCAL/EXTI/EXTI_program.o
                0x000020ea                EXTI_u8GetFlag
 .text.EXTI_voidSetCallBack
                0x00002110       0x16 ./MCAL/EXTI/EXTI_program.o
                0x00002110                EXTI_voidSetCallBack
 .text.__vector_1
                0x00002126       0x58 ./MCAL/EXTI/EXTI_program.o
                0x00002126                __vector_1
 .text.__vector_2
                0x0000217e       0x58 ./MCAL/EXTI/EXTI_program.o
                0x0000217e                __vector_2
 .text.__vector_3
                0x000021d6       0x58 ./MCAL/EXTI/EXTI_program.o
                0x000021d6                __vector_3
 .text.DIO_enumSetPinDirection
                0x0000222e      0x108 ./MCAL/DIO/DIO_program.o
                0x0000222e                DIO_enumSetPinDirection
 .text.DIO_enumSetPinValue
                0x00002336      0x108 ./MCAL/DIO/DIO_program.o
                0x00002336                DIO_enumSetPinValue
 .text.DIO_enumGetPinValue
                0x0000243e       0x7a ./MCAL/DIO/DIO_program.o
                0x0000243e                DIO_enumGetPinValue
 .text.DIO_enumTogglePinValue
                0x000024b8       0x7c ./MCAL/DIO/DIO_program.o
                0x000024b8                DIO_enumTogglePinValue
 .text.DIO_enumConnectPullup
                0x00002534      0x13c ./MCAL/DIO/DIO_program.o
                0x00002534                DIO_enumConnectPullup
 .text.DIO_enumSetPortDirection
                0x00002670       0x30 ./MCAL/DIO/DIO_program.o
                0x00002670                DIO_enumSetPortDirection
 .text.DIO_enumSetPortValue
                0x000026a0       0x30 ./MCAL/DIO/DIO_program.o
                0x000026a0                DIO_enumSetPortValue
 .text.DIO_enumTogglePortValue
                0x000026d0       0x44 ./MCAL/DIO/DIO_program.o
                0x000026d0                DIO_enumTogglePortValue
 .text.DIO_enumGetPortValue
                0x00002714       0x3a ./MCAL/DIO/DIO_program.o
                0x00002714                DIO_enumGetPortValue
 .text.DIO_voidWriteHighNibbles
                0x0000274e       0x60 ./MCAL/DIO/DIO_program.o
                0x0000274e                DIO_voidWriteHighNibbles
 .text.DIO_voidWriteLowNibbles
                0x000027ae       0x5e ./MCAL/DIO/DIO_program.o
                0x000027ae                DIO_voidWriteLowNibbles
 .text.SW_DisablePullup
                0x0000280c       0x24 ./HAL/SWITCH/SW_program.o
                0x0000280c                SW_DisablePullup
 .text.SW_u8GetPressed
                0x00002830       0x72 ./HAL/SWITCH/SW_program.o
                0x00002830                SW_u8GetPressed
 .text.SW_EnablePullup
                0x000028a2       0x2a ./HAL/SWITCH/SW_program.o
                0x000028a2                SW_EnablePullup
 .text.SW_voidInit
                0x000028cc       0x44 ./HAL/SWITCH/SW_program.o
                0x000028cc                SW_voidInit
 .text.SSD_voidDisable
                0x00002910       0x46 ./HAL/SSD/SSD_program.o
                0x00002910                SSD_voidDisable
 .text.SSD_voidEnable
                0x00002956       0x46 ./HAL/SSD/SSD_program.o
                0x00002956                SSD_voidEnable
 .text.SSD_voidSendPart
                0x0000299c       0x30 ./HAL/SSD/SSD_program.o
                0x0000299c                SSD_voidSendPart
 .text.SSD_voidSendNumber
                0x000029cc       0x30 ./HAL/SSD/SSD_program.o
                0x000029cc                SSD_voidSendNumber
 .text.SSD_voidInitialDataPort
                0x000029fc        0xa ./HAL/SSD/SSD_program.o
                0x000029fc                SSD_voidInitialDataPort
 .text.LED_voidToggle
                0x00002a06       0x28 ./HAL/LED/LED_program.o
                0x00002a06                LED_voidToggle
 .text.LED_voidOff
                0x00002a2e       0x46 ./HAL/LED/LED_program.o
                0x00002a2e                LED_voidOff
 .text.LED_voidOn
                0x00002a74       0x46 ./HAL/LED/LED_program.o
                0x00002a74                LED_voidOn
 .text.LED_voidInit
                0x00002aba       0x2a ./HAL/LED/LED_program.o
                0x00002aba                LED_voidInit
 .text.CLCD_voidSendCommand
                0x00002ae4       0x86 ./HAL/CLCD/CLCD_program.o
                0x00002ae4                CLCD_voidSendCommand
 .text.CLCD_voidSendData
                0x00002b6a       0x86 ./HAL/CLCD/CLCD_program.o
                0x00002b6a                CLCD_voidSendData
 .text.CLCD_voidSendString
                0x00002bf0       0xaa ./HAL/CLCD/CLCD_program.o
                0x00002bf0                CLCD_voidSendString
 .text.CLCD_voidClearScreen
                0x00002c9a       0x80 ./HAL/CLCD/CLCD_program.o
                0x00002c9a                CLCD_voidClearScreen
 .text.CLCD_voidSetPosition
                0x00002d1a       0xba ./HAL/CLCD/CLCD_program.o
                0x00002d1a                CLCD_voidSetPosition
 .text.CLCD_voidInit
                0x00002dd4      0x2a2 ./HAL/CLCD/CLCD_program.o
                0x00002dd4                CLCD_voidInit
 .text.CLCD_voidSendNumber
                0x00003076      0x430 ./HAL/CLCD/CLCD_program.o
                0x00003076                CLCD_voidSendNumber
 .text.CLCD_voidSendExtraChar
                0x000034a6      0x522 ./HAL/CLCD/CLCD_program.o
                0x000034a6                CLCD_voidSendExtraChar
 .text.INT0_ISR
                0x000039c8        0x8 ./APP/APP_program.o
                0x000039c8                INT0_ISR
 .text.APP_voidInit
                0x000039d0       0x70 ./APP/APP_program.o
                0x000039d0                APP_voidInit
 .text.APP_voidPeriodicTask
                0x00003a40      0x2ec ./APP/APP_program.o
                0x00003a40                APP_voidPeriodicTask
 .text.main     0x00003d2c        0x6 ./main.o
                0x00003d2c                main
 .text.libgcc   0x00003d32       0x28 d:/progrms/empedded/imt_sdk_win_64/winavr/bin/../lib/gcc/avr/4.3.3/avr5\libgcc.a(_udivmodhi4.o)
                0x00003d32                __udivmodhi4
 .text.libgcc   0x00003d5a        0x0 d:/progrms/empedded/imt_sdk_win_64/winavr/bin/../lib/gcc/avr/4.3.3/avr5\libgcc.a(_exit.o)
 .text.libgcc   0x00003d5a        0x0 d:/progrms/empedded/imt_sdk_win_64/winavr/bin/../lib/gcc/avr/4.3.3/avr5\libgcc.a(_copy_data.o)
 .text.libgcc   0x00003d5a        0x0 d:/progrms/empedded/imt_sdk_win_64/winavr/bin/../lib/gcc/avr/4.3.3/avr5\libgcc.a(_clear_bss.o)
 .text.libgcc   0x00003d5a       0x3e d:/progrms/empedded/imt_sdk_win_64/winavr/bin/../lib/gcc/avr/4.3.3/avr5\libgcc.a(_mulsi3.o)
                0x00003d5a                __mulsi3
 .text.libgcc   0x00003d98       0x44 d:/progrms/empedded/imt_sdk_win_64/winavr/bin/../lib/gcc/avr/4.3.3/avr5\libgcc.a(_udivmodsi4.o)
                0x00003d98                __udivmodsi4
 .text.libgcc   0x00003ddc       0x38 d:/progrms/empedded/imt_sdk_win_64/winavr/bin/../lib/gcc/avr/4.3.3/avr5\libgcc.a(_prologue.o)
                0x00003ddc                __prologue_saves__
 .text.libgcc   0x00003e14       0x36 d:/progrms/empedded/imt_sdk_win_64/winavr/bin/../lib/gcc/avr/4.3.3/avr5\libgcc.a(_epilogue.o)
                0x00003e14                __epilogue_restores__
                0x00003e4a                . = ALIGN (0x2)
 *(.fini9)
 .fini9         0x00003e4a        0x0 d:/progrms/empedded/imt_sdk_win_64/winavr/bin/../lib/gcc/avr/4.3.3/avr5\libgcc.a(_exit.o)
                0x00003e4a                exit
                0x00003e4a                _exit
 *(.fini9)
 *(.fini8)
 *(.fini8)
 *(.fini7)
 *(.fini7)
 *(.fini6)
 *(.fini6)
 *(.fini5)
 *(.fini5)
 *(.fini4)
 *(.fini4)
 *(.fini3)
 *(.fini3)
 *(.fini2)
 *(.fini2)
 *(.fini1)
 *(.fini1)
 *(.fini0)
 .fini0         0x00003e4a        0x4 d:/progrms/empedded/imt_sdk_win_64/winavr/bin/../lib/gcc/avr/4.3.3/avr5\libgcc.a(_exit.o)
 *(.fini0)
                0x00003e4e                _etext = .

.data           0x00800060      0x192 load address 0x00003e4e
                0x00800060                PROVIDE (__data_start, .)
 *(.data)
 .data          0x00800060        0x0 d:/progrms/empedded/imt_sdk_win_64/winavr/bin/../lib/gcc/avr/4.3.3/../../../../avr/lib/avr5/crtm32.o
 .data          0x00800060        0x0 ./MCAL/TIMER0/TIMER_program.o
 .data          0x00800060        0x0 ./MCAL/PORT/PORT_program.o
 .data          0x00800060        0x0 ./MCAL/GIE/GIE_program.o
 .data          0x00800060        0x0 ./MCAL/EXTI/EXTI_program.o
 .data          0x00800060        0x0 ./MCAL/DIO/DIO_program.o
 .data          0x00800060        0x0 ./HAL/SWITCH/SW_program.o
 .data          0x00800060        0x0 ./HAL/SSD/SSD_program.o
 .data          0x00800060        0x0 ./HAL/LED/LED_program.o
 .data          0x00800060        0x0 ./HAL/CLCD/CLCD_program.o
 .data          0x00800060       0x27 ./APP/APP_program.o
 .data          0x00800087        0x0 ./main.o
 .data          0x00800087        0x0 d:/progrms/empedded/imt_sdk_win_64/winavr/bin/../lib/gcc/avr/4.3.3/avr5\libgcc.a(_udivmodhi4.o)
 .data          0x00800087        0x0 d:/progrms/empedded/imt_sdk_win_64/winavr/bin/../lib/gcc/avr/4.3.3/avr5\libgcc.a(_exit.o)
 .data          0x00800087        0x0 d:/progrms/empedded/imt_sdk_win_64/winavr/bin/../lib/gcc/avr/4.3.3/avr5\libgcc.a(_copy_data.o)
 .data          0x00800087        0x0 d:/progrms/empedded/imt_sdk_win_64/winavr/bin/../lib/gcc/avr/4.3.3/avr5\libgcc.a(_clear_bss.o)
 .data          0x00800087        0x0 d:/progrms/empedded/imt_sdk_win_64/winavr/bin/../lib/gcc/avr/4.3.3/avr5\libgcc.a(_ashldi3.o)
 .data          0x00800087        0x0 d:/progrms/empedded/imt_sdk_win_64/winavr/bin/../lib/gcc/avr/4.3.3/avr5\libgcc.a(_udivdi3.o)
 .data          0x00800087        0x0 d:/progrms/empedded/imt_sdk_win_64/winavr/bin/../lib/gcc/avr/4.3.3/avr5\libgcc.a(_umoddi3.o)
 .data          0x00800087        0x0 d:/progrms/empedded/imt_sdk_win_64/winavr/bin/../lib/gcc/avr/4.3.3/avr5\libgcc.a(_mulsi3.o)
 .data          0x00800087        0x0 d:/progrms/empedded/imt_sdk_win_64/winavr/bin/../lib/gcc/avr/4.3.3/avr5\libgcc.a(_udivmodsi4.o)
 .data          0x00800087        0x0 d:/progrms/empedded/imt_sdk_win_64/winavr/bin/../lib/gcc/avr/4.3.3/avr5\libgcc.a(_prologue.o)
 .data          0x00800087        0x0 d:/progrms/empedded/imt_sdk_win_64/winavr/bin/../lib/gcc/avr/4.3.3/avr5\libgcc.a(_epilogue.o)
 .data          0x00800087      0x100 d:/progrms/empedded/imt_sdk_win_64/winavr/bin/../lib/gcc/avr/4.3.3/avr5\libgcc.a(_clz.o)
                0x00800087                __clz_tab
 *(.data*)
 .data.CLCD_u8ExtraChar
                0x00800187       0x40 ./HAL/CLCD/CLCD_program.o
                0x00800187                CLCD_u8ExtraChar
 .data.CAR_RED_LED
                0x008001c7        0x3 ./APP/APP_program.o
                0x008001c7                CAR_RED_LED
 .data.CAR_YELLOW_LED
                0x008001ca        0x3 ./APP/APP_program.o
                0x008001ca                CAR_YELLOW_LED
 .data.CAR_GREEN_LED
                0x008001cd        0x3 ./APP/APP_program.o
                0x008001cd                CAR_GREEN_LED
 .data.Pedes_Red_Led
                0x008001d0        0x3 ./APP/APP_program.o
                0x008001d0                Pedes_Red_Led
 .data.Pedes_Yellow_Led
                0x008001d3        0x3 ./APP/APP_program.o
                0x008001d3                Pedes_Yellow_Led
 .data.Pedes_Green_Led
                0x008001d6        0x3 ./APP/APP_program.o
                0x008001d6                Pedes_Green_Led
 .data.SW       0x008001d9        0x3 ./APP/APP_program.o
                0x008001d9                SW
 .data.SSD      0x008001dc        0x4 ./APP/APP_program.o
                0x008001dc                SSD
 *(.rodata)
 *(.rodata*)
 .rodata.Local_u8SSDPart
                0x008001e0        0x8 ./HAL/SSD/SSD_program.o
 .rodata.Local_u8SSDNumbers
                0x008001e8        0xa ./HAL/SSD/SSD_program.o
 *(.gnu.linkonce.d*)
                0x008001f2                . = ALIGN (0x2)
                0x008001f2                _edata = .
                0x008001f2                PROVIDE (__data_end, .)

.bss            0x008001f2       0x31
                0x008001f2                PROVIDE (__bss_start, .)
 *(.bss)
 .bss           0x008001f2        0x0 d:/progrms/empedded/imt_sdk_win_64/winavr/bin/../lib/gcc/avr/4.3.3/../../../../avr/lib/avr5/crtm32.o
 .bss           0x008001f2        0x0 ./MCAL/TIMER0/TIMER_program.o
 .bss           0x008001f2        0x0 ./MCAL/PORT/PORT_program.o
 .bss           0x008001f2        0x0 ./MCAL/GIE/GIE_program.o
 .bss           0x008001f2        0x0 ./MCAL/EXTI/EXTI_program.o
 .bss           0x008001f2        0x0 ./MCAL/DIO/DIO_program.o
 .bss           0x008001f2        0x0 ./HAL/SWITCH/SW_program.o
 .bss           0x008001f2        0x0 ./HAL/SSD/SSD_program.o
 .bss           0x008001f2        0x0 ./HAL/LED/LED_program.o
 .bss           0x008001f2        0x0 ./HAL/CLCD/CLCD_program.o
 .bss           0x008001f2        0x0 ./APP/APP_program.o
 .bss           0x008001f2        0x0 ./main.o
 .bss           0x008001f2        0x0 d:/progrms/empedded/imt_sdk_win_64/winavr/bin/../lib/gcc/avr/4.3.3/avr5\libgcc.a(_udivmodhi4.o)
 .bss           0x008001f2        0x0 d:/progrms/empedded/imt_sdk_win_64/winavr/bin/../lib/gcc/avr/4.3.3/avr5\libgcc.a(_exit.o)
 .bss           0x008001f2        0x0 d:/progrms/empedded/imt_sdk_win_64/winavr/bin/../lib/gcc/avr/4.3.3/avr5\libgcc.a(_copy_data.o)
 .bss           0x008001f2        0x0 d:/progrms/empedded/imt_sdk_win_64/winavr/bin/../lib/gcc/avr/4.3.3/avr5\libgcc.a(_clear_bss.o)
 .bss           0x008001f2        0x0 d:/progrms/empedded/imt_sdk_win_64/winavr/bin/../lib/gcc/avr/4.3.3/avr5\libgcc.a(_ashldi3.o)
 .bss           0x008001f2        0x0 d:/progrms/empedded/imt_sdk_win_64/winavr/bin/../lib/gcc/avr/4.3.3/avr5\libgcc.a(_udivdi3.o)
 .bss           0x008001f2        0x0 d:/progrms/empedded/imt_sdk_win_64/winavr/bin/../lib/gcc/avr/4.3.3/avr5\libgcc.a(_umoddi3.o)
 .bss           0x008001f2        0x0 d:/progrms/empedded/imt_sdk_win_64/winavr/bin/../lib/gcc/avr/4.3.3/avr5\libgcc.a(_mulsi3.o)
 .bss           0x008001f2        0x0 d:/progrms/empedded/imt_sdk_win_64/winavr/bin/../lib/gcc/avr/4.3.3/avr5\libgcc.a(_udivmodsi4.o)
 .bss           0x008001f2        0x0 d:/progrms/empedded/imt_sdk_win_64/winavr/bin/../lib/gcc/avr/4.3.3/avr5\libgcc.a(_prologue.o)
 .bss           0x008001f2        0x0 d:/progrms/empedded/imt_sdk_win_64/winavr/bin/../lib/gcc/avr/4.3.3/avr5\libgcc.a(_epilogue.o)
 .bss           0x008001f2        0x0 d:/progrms/empedded/imt_sdk_win_64/winavr/bin/../lib/gcc/avr/4.3.3/avr5\libgcc.a(_clz.o)
 *(.bss*)
 .bss.TIMERS_pvCallBackFunc
                0x008001f2       0x20 ./MCAL/TIMER0/TIMER_program.o
 .bss.EXTI_CallBack
                0x00800212        0x6 ./MCAL/EXTI/EXTI_program.o
                0x00800212                EXTI_CallBack
 .bss.CAR_Red_Led
                0x00800218        0x1 ./APP/APP_program.o
                0x00800218                CAR_Red_Led
 .bss.CAR_Yellow_Led
                0x00800219        0x1 ./APP/APP_program.o
                0x00800219                CAR_Yellow_Led
 .bss.CAR_Green_Led
                0x0080021a        0x1 ./APP/APP_program.o
                0x0080021a                CAR_Green_Led
 .bss.PedesRed_Led
                0x0080021b        0x1 ./APP/APP_program.o
                0x0080021b                PedesRed_Led
 .bss.PedesYellow_Led
                0x0080021c        0x1 ./APP/APP_program.o
                0x0080021c                PedesYellow_Led
 .bss.PedesGreen_Led
                0x0080021d        0x1 ./APP/APP_program.o
                0x0080021d                PedesGreen_Led
 .bss.Mood_State
                0x0080021e        0x1 ./APP/APP_program.o
                0x0080021e                Mood_State
 .bss.Timer_SWCounter
                0x0080021f        0x2 ./APP/APP_program.o
                0x0080021f                Timer_SWCounter
 .bss.Modes_Counter
                0x00800221        0x2 ./APP/APP_program.o
                0x00800221                Modes_Counter
 *(COMMON)
                0x00800223                PROVIDE (__bss_end, .)
                0x00003e4e                __data_load_start = LOADADDR (.data)
                0x00003fe0                __data_load_end = (__data_load_start + SIZEOF (.data))

.noinit         0x00800223        0x0
                0x00800223                PROVIDE (__noinit_start, .)
 *(.noinit*)
                0x00800223                PROVIDE (__noinit_end, .)
                0x00800223                _end = .
                0x00800223                PROVIDE (__heap_start, .)

.eeprom         0x00810000        0x0
 *(.eeprom*)
                0x00810000                __eeprom_end = .

.fuse
 *(.fuse)
 *(.lfuse)
 *(.hfuse)
 *(.efuse)

.lock
 *(.lock*)

.signature
 *(.signature*)

.stab           0x00000000     0x5ebc
 *(.stab)
 .stab          0x00000000      0xa80 ./MCAL/TIMER0/TIMER_program.o
 .stab          0x00000a80      0x204 ./MCAL/PORT/PORT_program.o
                                0x210 (size before relaxing)
 .stab          0x00000c84      0x1e0 ./MCAL/GIE/GIE_program.o
                                0x1ec (size before relaxing)
 .stab          0x00000e64      0x510 ./MCAL/EXTI/EXTI_program.o
                                0x51c (size before relaxing)
 .stab          0x00001374      0xbdc ./MCAL/DIO/DIO_program.o
                                0xbe8 (size before relaxing)
 .stab          0x00001f50      0x528 ./HAL/SWITCH/SW_program.o
                                0x534 (size before relaxing)
 .stab          0x00002478      0x3cc ./HAL/SSD/SSD_program.o
                                0x3d8 (size before relaxing)
 .stab          0x00002844      0x33c ./HAL/LED/LED_program.o
                                0x348 (size before relaxing)
 .stab          0x00002b80     0x2ac0 ./HAL/CLCD/CLCD_program.o
                               0x2c4c (size before relaxing)
 .stab          0x00005640      0x774 ./APP/APP_program.o
                                0x780 (size before relaxing)
 .stab          0x00005db4      0x108 ./main.o
                                0x150 (size before relaxing)

.stabstr        0x00000000     0x1d51
 *(.stabstr)
 .stabstr       0x00000000     0x1d51 ./MCAL/TIMER0/TIMER_program.o

.stab.excl
 *(.stab.excl)

.stab.exclstr
 *(.stab.exclstr)

.stab.index
 *(.stab.index)

.stab.indexstr
 *(.stab.indexstr)

.comment
 *(.comment)

.debug
 *(.debug)

.line
 *(.line)

.debug_srcinfo
 *(.debug_srcinfo)

.debug_sfnames
 *(.debug_sfnames)

.debug_aranges  0x00000000       0x60
 *(.debug_aranges)
 .debug_aranges
                0x00000000       0x20 d:/progrms/empedded/imt_sdk_win_64/winavr/bin/../lib/gcc/avr/4.3.3/avr5\libgcc.a(_ashldi3.o)
 .debug_aranges
                0x00000020       0x20 d:/progrms/empedded/imt_sdk_win_64/winavr/bin/../lib/gcc/avr/4.3.3/avr5\libgcc.a(_udivdi3.o)
 .debug_aranges
                0x00000040       0x20 d:/progrms/empedded/imt_sdk_win_64/winavr/bin/../lib/gcc/avr/4.3.3/avr5\libgcc.a(_umoddi3.o)

.debug_pubnames
                0x00000000       0x80
 *(.debug_pubnames)
 .debug_pubnames
                0x00000000       0x20 d:/progrms/empedded/imt_sdk_win_64/winavr/bin/../lib/gcc/avr/4.3.3/avr5\libgcc.a(_ashldi3.o)
 .debug_pubnames
                0x00000020       0x20 d:/progrms/empedded/imt_sdk_win_64/winavr/bin/../lib/gcc/avr/4.3.3/avr5\libgcc.a(_udivdi3.o)
 .debug_pubnames
                0x00000040       0x20 d:/progrms/empedded/imt_sdk_win_64/winavr/bin/../lib/gcc/avr/4.3.3/avr5\libgcc.a(_umoddi3.o)
 .debug_pubnames
                0x00000060       0x20 d:/progrms/empedded/imt_sdk_win_64/winavr/bin/../lib/gcc/avr/4.3.3/avr5\libgcc.a(_clz.o)

.debug_info     0x00000000     0x109d
 *(.debug_info)
 .debug_info    0x00000000      0x17f d:/progrms/empedded/imt_sdk_win_64/winavr/bin/../lib/gcc/avr/4.3.3/avr5\libgcc.a(_ashldi3.o)
 .debug_info    0x0000017f      0x71e d:/progrms/empedded/imt_sdk_win_64/winavr/bin/../lib/gcc/avr/4.3.3/avr5\libgcc.a(_udivdi3.o)
 .debug_info    0x0000089d      0x757 d:/progrms/empedded/imt_sdk_win_64/winavr/bin/../lib/gcc/avr/4.3.3/avr5\libgcc.a(_umoddi3.o)
 .debug_info    0x00000ff4       0xa9 d:/progrms/empedded/imt_sdk_win_64/winavr/bin/../lib/gcc/avr/4.3.3/avr5\libgcc.a(_clz.o)
 *(.gnu.linkonce.wi.*)

.debug_abbrev   0x00000000      0x469
 *(.debug_abbrev)
 .debug_abbrev  0x00000000       0xee d:/progrms/empedded/imt_sdk_win_64/winavr/bin/../lib/gcc/avr/4.3.3/avr5\libgcc.a(_ashldi3.o)
 .debug_abbrev  0x000000ee      0x181 d:/progrms/empedded/imt_sdk_win_64/winavr/bin/../lib/gcc/avr/4.3.3/avr5\libgcc.a(_udivdi3.o)
 .debug_abbrev  0x0000026f      0x190 d:/progrms/empedded/imt_sdk_win_64/winavr/bin/../lib/gcc/avr/4.3.3/avr5\libgcc.a(_umoddi3.o)
 .debug_abbrev  0x000003ff       0x6a d:/progrms/empedded/imt_sdk_win_64/winavr/bin/../lib/gcc/avr/4.3.3/avr5\libgcc.a(_clz.o)

.debug_line     0x00000000      0x55b
 *(.debug_line)
 .debug_line    0x00000000       0xd7 d:/progrms/empedded/imt_sdk_win_64/winavr/bin/../lib/gcc/avr/4.3.3/avr5\libgcc.a(_ashldi3.o)
 .debug_line    0x000000d7      0x1d8 d:/progrms/empedded/imt_sdk_win_64/winavr/bin/../lib/gcc/avr/4.3.3/avr5\libgcc.a(_udivdi3.o)
 .debug_line    0x000002af      0x230 d:/progrms/empedded/imt_sdk_win_64/winavr/bin/../lib/gcc/avr/4.3.3/avr5\libgcc.a(_umoddi3.o)
 .debug_line    0x000004df       0x7c d:/progrms/empedded/imt_sdk_win_64/winavr/bin/../lib/gcc/avr/4.3.3/avr5\libgcc.a(_clz.o)

.debug_frame    0x00000000       0x60
 *(.debug_frame)
 .debug_frame   0x00000000       0x20 d:/progrms/empedded/imt_sdk_win_64/winavr/bin/../lib/gcc/avr/4.3.3/avr5\libgcc.a(_ashldi3.o)
 .debug_frame   0x00000020       0x20 d:/progrms/empedded/imt_sdk_win_64/winavr/bin/../lib/gcc/avr/4.3.3/avr5\libgcc.a(_udivdi3.o)
 .debug_frame   0x00000040       0x20 d:/progrms/empedded/imt_sdk_win_64/winavr/bin/../lib/gcc/avr/4.3.3/avr5\libgcc.a(_umoddi3.o)

.debug_str      0x00000000      0x16a
 *(.debug_str)
 .debug_str     0x00000000       0xe4 d:/progrms/empedded/imt_sdk_win_64/winavr/bin/../lib/gcc/avr/4.3.3/avr5\libgcc.a(_ashldi3.o)
                                0x131 (size before relaxing)
 .debug_str     0x000000e4       0x7c d:/progrms/empedded/imt_sdk_win_64/winavr/bin/../lib/gcc/avr/4.3.3/avr5\libgcc.a(_udivdi3.o)
                                0x18a (size before relaxing)
 .debug_str     0x00000160        0xa d:/progrms/empedded/imt_sdk_win_64/winavr/bin/../lib/gcc/avr/4.3.3/avr5\libgcc.a(_umoddi3.o)
                                0x18a (size before relaxing)
 .debug_str     0x00000000       0xf4 d:/progrms/empedded/imt_sdk_win_64/winavr/bin/../lib/gcc/avr/4.3.3/avr5\libgcc.a(_clz.o)

.debug_loc      0x00000000     0x1a1e
 *(.debug_loc)
 .debug_loc     0x00000000       0xf8 d:/progrms/empedded/imt_sdk_win_64/winavr/bin/../lib/gcc/avr/4.3.3/avr5\libgcc.a(_ashldi3.o)
 .debug_loc     0x000000f8      0xe74 d:/progrms/empedded/imt_sdk_win_64/winavr/bin/../lib/gcc/avr/4.3.3/avr5\libgcc.a(_udivdi3.o)
 .debug_loc     0x00000f6c      0xab2 d:/progrms/empedded/imt_sdk_win_64/winavr/bin/../lib/gcc/avr/4.3.3/avr5\libgcc.a(_umoddi3.o)

.debug_macinfo
 *(.debug_macinfo)
OUTPUT(On_Demand_Traffic_Light_Control.elf elf32-avr)
LOAD linker stubs

.debug_ranges   0x00000000       0x30
 .debug_ranges  0x00000000       0x18 d:/progrms/empedded/imt_sdk_win_64/winavr/bin/../lib/gcc/avr/4.3.3/avr5\libgcc.a(_udivdi3.o)
 .debug_ranges  0x00000018       0x18 d:/progrms/empedded/imt_sdk_win_64/winavr/bin/../lib/gcc/avr/4.3.3/avr5\libgcc.a(_umoddi3.o)
